[2026-09-27T22:57:29] INFO Starting KijaniKiosk provisioning...
[2026-09-27T22:57:29] INFO === Phase 1: Package Installation ===
[2026-09-27T22:57:29] INFO Updating package index and installing prerequisites...
Hit:1 https://deb.nodesource.com/node_20.x nodistro InRelease
Hit:2 http://archive.ubuntu.com/ubuntu jammy InRelease
Hit:3 http://security.ubuntu.com/ubuntu jammy-security InRelease
Hit:4 http://archive.ubuntu.com/ubuntu jammy-updates InRelease
Hit:5 http://archive.ubuntu.com/ubuntu jammy-backports InRelease
Reading package lists...
Reading package lists...
Building dependency tree...
Reading state information...
acl is already the newest version (2.3.1-1).
curl is already the newest version (7.81.0-1ubuntu1.29).
gnupg is already the newest version (2.2.27-3ubuntu2.5).
ufw is already the newest version (0.36.1-4ubuntu0.1).
The following packages were automatically installed and are no longer required:
  libfwupd2 libfwupdplugin5 libgcab-1.0-0 libgusb2 libmbim-glib4 libmbim-proxy
  libmm-glib0 libqmi-glib5 libqmi-proxy libsmbios-c2 libtcl8.6 modemmanager
  tcl tcl8.6 usb-modeswitch usb-modeswitch-data
Use 'sudo apt autoremove' to remove them.
0 upgraded, 0 newly installed, 0 to remove and 1 not upgraded.
[2026-09-27T22:57:32] INFO Adding NodeSource GPG key and repository...
Hit:1 https://deb.nodesource.com/node_20.x nodistro InRelease
Hit:2 http://archive.ubuntu.com/ubuntu jammy InRelease
Hit:3 http://security.ubuntu.com/ubuntu jammy-security InRelease
Hit:4 http://archive.ubuntu.com/ubuntu jammy-updates InRelease
Hit:5 http://archive.ubuntu.com/ubuntu jammy-backports InRelease
Reading package lists...
[2026-09-27T22:57:34] INFO Nginx is already at the pinned version (1.18.0-6ubuntu14.21). Skipping install.
[2026-09-27T22:57:34] INFO Holding packages to prevent version drift...
[2026-09-27T22:57:34] OK Packages provisioned and held.
[2026-09-27T22:57:34] INFO === Phase 2: Users and Groups ===
[2026-09-27T22:57:34] INFO User kk-api exists. Enforcing strict system account settings...
usermod: no changes
[2026-09-27T22:57:34] INFO User kk-payments exists. Enforcing strict system account settings...
usermod: no changes
[2026-09-27T22:57:34] INFO User kk-logs exists. Enforcing strict system account settings...
usermod: no changes
[2026-09-27T22:57:34] OK Users and groups provisioned.
[2026-09-27T22:57:34] INFO === Phase 3: Directories and ACLs ===
[2026-09-27T22:57:34] INFO Creating directory structure...
[2026-09-27T22:57:34] INFO Fixing dirty permissions and enforcing baseline ownership...
[2026-09-27T22:57:34] INFO Applying ACLs to shared logs...
[2026-09-27T22:57:34] OK Directories and ACLs provisioned.
[2026-09-27T22:57:34] INFO === Phase 4: Systemd Units ===
[2026-09-27T22:57:34] INFO Generating kk-api.service...
[2026-09-27T22:57:34] INFO Generating kk-payments.service (High Security)...
[2026-09-27T22:57:34] INFO Reloading systemd daemon...
[2026-09-27T22:57:34] OK Systemd units generated.
[2026-09-27T22:57:34] INFO === Phase 5: Firewall ===
[2026-09-27T22:57:34] INFO Resetting UFW to a clean baseline...
[2026-09-27T22:57:35] INFO Setting default policies...
[2026-09-27T22:57:36] INFO Allowing SSH, HTTP, and internal health checks...
[2026-09-27T22:57:36] INFO Enabling UFW...
[2026-09-27T22:57:36] OK Firewall provisioned and enabled.
[2026-09-27T22:57:36] INFO === Phase 6: Logging and Journald ===
[2026-09-27T22:57:36] INFO Enforcing persistent journald storage...
[2026-09-27T22:57:37] INFO Configuring logrotate (Challenge C)...
[2026-09-27T22:57:37] OK Logging configured.
[2026-09-27T22:57:37] INFO === Phase 7: Health Checks ===
[2026-09-27T22:57:37] INFO Generating health check JSON...
[2026-09-27T22:57:37] INFO Applying read-only ACL for monitoring...
[2026-09-27T22:57:37] OK Health checks provisioned.
[2026-09-27T22:57:37] INFO === Phase 8: Verification ===
[2026-09-27T22:57:37] OK All verifications passed. Server is hardened and ready.
